QuestaSim-64 vopt 2025.3_2 Compiler 2025.11 Nov 20 2025
** Warning: (vopt-10587) Some optimizations are turned off because the +acc switch is in effect. This will cause your simulation to run slowly. Please use -access/-debug to maintain needed visibility. The +acc switch would be deprecated in a future release.
Start time: 08:42:49 on Mar 26,2026
vopt "+acc" sha1_Top -o opt_top "+cover=bcestf" -L /opt/siemens/questasim/uvm-1.2 -l optimize.log 
** Note: (vopt-220) 'modelsim.ini' is used as the ini file.

Top level modules:
	sha1_Top

Analyzing design...
-- Loading module sha1_Top
-- Loading package /opt/siemens/questasim/uvm-1.2.questa_uvm_pkg
-- Importing package /opt/siemens/questasim/uvm-1.2.uvm_pkg (uvm-1.2 Built-in)
-- Loading interface sha1_if
-- Loading module sha1
-- Loading module sha1_core
-- Loading module sha1_w_mem
-- Loading module tb_llm
** Warning: (vopt-13408) Code coverage will be disabled for some DUs/packages/classes and source files.
Optimizing 11 design-units (inlining 0/6 module instances):
-- Optimizing package uvm_pkg (uvm-1.2 Built-in)(fast)
-- Optimizing package /opt/siemens/questasim/uvm-1.2.uvm_pkg (uvm-1.2 Built-in)(fast)
-- Optimizing package /opt/siemens/questasim/uvm-1.2.questa_uvm_pkg(fast)
-- Optimizing package uvm_pkg_sv_unit(fast)
-- Optimizing module tb_llm(fast)
** Warning: ../testbench/tb_sha1.sv(32): (vopt-13203) option.cross_auto_bin_max = 0 setting is non-LRM compliant. No auto cross bins will be generated.
** Warning: ../testbench/tb_sha1.sv(93): (vopt-13203) option.cross_auto_bin_max = 0 setting is non-LRM compliant. No auto cross bins will be generated.
** Warning: ../testbench/tb_sha1.sv(124): (vopt-13203) option.cross_auto_bin_max = 0 setting is non-LRM compliant. No auto cross bins will be generated.
** Warning: ../testbench/tb_sha1.sv(160): (vopt-13203) option.cross_auto_bin_max = 0 setting is non-LRM compliant. No auto cross bins will be generated.
** Warning: ../testbench/tb_sha1.sv(202): (vopt-13203) option.cross_auto_bin_max = 0 setting is non-LRM compliant. No auto cross bins will be generated.
** Warning: ../testbench/tb_sha1.sv(219): (vopt-13203) option.cross_auto_bin_max = 0 setting is non-LRM compliant. No auto cross bins will be generated.
** Warning: ../testbench/tb_sha1.sv(238): (vopt-13203) option.cross_auto_bin_max = 0 setting is non-LRM compliant. No auto cross bins will be generated.
** Warning: ../testbench/tb_sha1.sv(252): (vopt-13203) option.cross_auto_bin_max = 0 setting is non-LRM compliant. No auto cross bins will be generated.
-- Optimizing module sha1_core(fast)
** Note: (vopt-143) Recognized 1 FSM in module "sha1_core(fast)".
-- Optimizing module sha1_w_mem(fast)
-- Optimizing module sha1(fast)
-- Optimizing module sha1_Top(fast)
-- Optimizing interface sha1_if(fast__2)
-- Optimizing interface sha1_if(fast)
Optimized design name is opt_top
End time: 08:42:51 on Mar 26,2026, Elapsed time: 0:00:02
Errors: 0, Warnings: 10
