# ** Note: (vsim-220) 'modelsim.ini' is used as the ini file.
# vsim -c opt_top -coverage -sv_seed 7967 -sv_lib /opt/siemens/questasim/uvm-1.2/linux_x86_64/uvm_dpi "+UVM_TESTNAME=sha1_test" "+UVM_VERBOSITY=UVM_HIGH" -do "coverage save -onexit coverage/cov.ucdb; run -all; quit" -l simv.log 
# Start time: 08:42:52 on Mar 26,2026
# Loading /tmp/zfilyas@en4230429l_dpi_306118/linux_x86_64_gcc-10.3.0/export_tramp.so
# //  Questa Sim-64
# //  Version 2025.3_2 linux_x86_64 Nov 20 2025
# //
# // Unpublished work. Copyright 2025 Siemens
# //
# // This material contains trade secrets or otherwise confidential information
# // owned by Siemens Industry Software Inc. or its affiliates (collectively,
# // "SISW"), or its licensors. Access to and use of this information is strictly
# // limited as set forth in the Customer's applicable agreements with SISW.
# //
# // This material may not be copied, distributed, or otherwise disclosed outside
# // of the Customer's facilities without the express written permission of SISW,
# // and may not be used in any way not expressly authorized by SISW.
# //
# ** Note: (vsim-8785) UVM-aware debugging capabilities will be disabled since no compiled "questa_uvm_pkg" can be found.
# This also means that later if you turn on UVM-aware debugging your debug simulations may have
# different random seeds from your non-debug simulations.
# Loading sv_std.std
# Loading work.sha1_if(fast)
# Loading work.uvm_pkg(fast)
# Loading work.uvm_pkg_sv_unit(fast)
# Loading work.sha1_Top(fast)
# Loading work.sha1_if(fast__2)
# Loading work.sha1(fast)
# Loading work.sha1_core(fast)
# Loading work.sha1_w_mem(fast)
# Loading work.tb_llm(fast)
# Compiling /tmp/zfilyas@en4230429l_dpi_306118/linux_x86_64_gcc-10.3.0/exportwrapper.c
# Loading /tmp/zfilyas@en4230429l_dpi_306118/linux_x86_64_gcc-10.3.0/vsim_auto_compile.so
# Loading /opt/siemens/questasim/uvm-1.2/linux_x86_64/uvm_dpi.so
# coverage save -onexit coverage/cov.ucdb
#  run -all
# UVM_INFO /opt/siemens/questasim/verilog_src/uvm-1.2/src/base/uvm_root.svh(392) @ 0: reporter [UVM/RELNOTES] 
# ----------------------------------------------------------------
# UVM-1.2
# (C) 2007-2014 Mentor Graphics Corporation
# (C) 2007-2014 Cadence Design Systems, Inc.
# (C) 2006-2014 Synopsys, Inc.
# (C) 2011-2013 Cypress Semiconductor Corp.
# (C) 2013-2014 NVIDIA Corporation
# ----------------------------------------------------------------
# 
#   ***********       IMPORTANT RELEASE NOTES         ************
# 
#   You are using a version of the UVM library that has been compiled
#   with `UVM_NO_DEPRECATED undefined.
#   See http://www.eda.org/svdb/view.php?id=3313 for more details.
# 
#   You are using a version of the UVM library that has been compiled
#   with `UVM_OBJECT_DO_NOT_NEED_CONSTRUCTOR undefined.
#   See http://www.eda.org/svdb/view.php?id=3770 for more details.
# 
#       (Specify +UVM_NO_RELNOTES to turn off this notice)
# 
# UVM_INFO @ 0: reporter [RNTST] Running test sha1_test...
# UVM_INFO ../testbench/sha1_seq.sv(151) @ 51735: uvm_test_top.env.agent.sqr@@seq2 [DIRECTED] Single block digest: b881d730673940afd2968654e048f582786c3ed7
# UVM_INFO ../testbench/sha1_seq.sv(162) @ 53015: uvm_test_top.env.agent.sqr@@seq2 [DIRECTED] Double block first digest:  f4286818c37b27ae0408f581846771484a566572
# UVM_INFO ../testbench/sha1_seq.sv(169) @ 54295: uvm_test_top.env.agent.sqr@@seq2 [DIRECTED] Double block final digest:  84983e441c3bd26ebaae4aa1f95129e5e54670f1
# UVM_INFO ../testbench/sha1_seq.sv(193) @ 55635: uvm_test_top.env.agent.sqr@@seq2 [DIRECTED] All-zero block digest: 92b404e556588ced6c1acd4ebf053f6809f73a93
# UVM_INFO ../testbench/sha1_seq.sv(202) @ 56915: uvm_test_top.env.agent.sqr@@seq2 [DIRECTED] All-ones NEXT digest:  d36a9e4509ceee4a49c9edf523f021b6f2eff913
# UVM_INFO ../testbench/sha1_seq.sv(223) @ 58315: uvm_test_top.env.agent.sqr@@seq2 [DIRECTED] Write-while-busy digest: 92b404e556588ced6c1acd4ebf053f6809f73a93
# UVM_INFO /opt/siemens/questasim/verilog_src/uvm-1.2/src/base/uvm_objection.svh(1270) @ 58515: reporter [TEST_DONE] 'run' phase is ready to proceed to the 'extract' phase
# UVM_INFO /opt/siemens/questasim/verilog_src/uvm-1.2/src/base/uvm_report_server.svh(847) @ 58515: reporter [UVM/REPORT/SERVER] 
# --- UVM Report Summary ---
# 
# ** Report counts by severity
# UVM_INFO :    9
# UVM_WARNING :    0
# UVM_ERROR :    0
# UVM_FATAL :    0
# ** Report counts by id
# [DIRECTED]     6
# [RNTST]     1
# [TEST_DONE]     1
# [UVM/RELNOTES]     1
# 
# ** Note: $finish    : /opt/siemens/questasim/verilog_src/uvm-1.2/src/base/uvm_root.svh(517)
#    Time: 58515 ns  Iteration: 68  Instance: /sha1_Top
# 
# Coverage saving has been started
# Coverage database has been saved successfully.
# End time: 08:42:53 on Mar 26,2026, Elapsed time: 0:00:01
# Errors: 0, Warnings: 0
