QuestaSim-64 vlog 2025.3_2 Compiler 2025.11 Nov 20 2025
Start time: 08:47:50 on Mar 26,2026
vlog -sv -mfcu -f ../testbench/trng_list.f "+incdir+/opt/siemens/questasim/verilog_src/uvm-1.2/src" -L /opt/siemens/questasim/uvm-1.2 -l compile.log 
** Note: (vlog-220) 'modelsim.ini' is used as the ini file.
-- Compiling module trng
-- Compiling module trng_mixer
-- Compiling module trng_csprng
-- Compiling module trng_csprng_fifo
-- Compiling module avalanche_entropy
-- Compiling module trng_avalanche_entropy
-- Compiling module rosc_entropy
-- Compiling module pseudo_entropy
-- Compiling module sha512
-- Compiling module sha512_core
-- Compiling module sha512_h_constants
-- Compiling module sha512_k_constants
-- Compiling module sha512_w_mem
-- Compiling module chacha
-- Compiling module chacha_core
-- Compiling module chacha_qr
-- Compiling module tb_llm
** Warning: ../testbench/trng_tb.sv(139): (vlog-13203) option.cross_auto_bin_max = 0 setting is non-LRM compliant. No auto cross bins will be generated.
** Warning: ../testbench/trng_tb.sv(173): (vlog-13203) option.cross_auto_bin_max = 0 setting is non-LRM compliant. No auto cross bins will be generated.
** Warning: ../testbench/trng_tb.sv(204): (vlog-13203) option.cross_auto_bin_max = 0 setting is non-LRM compliant. No auto cross bins will be generated.
** Warning: ../testbench/trng_tb.sv(225): (vlog-13203) option.cross_auto_bin_max = 0 setting is non-LRM compliant. No auto cross bins will be generated.
** Warning: ../testbench/trng_tb.sv(250): (vlog-13203) option.cross_auto_bin_max = 0 setting is non-LRM compliant. No auto cross bins will be generated.
** Warning: ../testbench/trng_tb.sv(290): (vlog-13203) option.cross_auto_bin_max = 0 setting is non-LRM compliant. No auto cross bins will be generated.
** Warning: ../testbench/trng_tb.sv(331): (vlog-13203) option.cross_auto_bin_max = 0 setting is non-LRM compliant. No auto cross bins will be generated.
** Warning: ../testbench/trng_tb.sv(380): (vlog-13203) option.cross_auto_bin_max = 0 setting is non-LRM compliant. No auto cross bins will be generated.
** Warning: ../testbench/trng_tb.sv(398): (vlog-13203) option.cross_auto_bin_max = 0 setting is non-LRM compliant. No auto cross bins will be generated.
** Warning: ../testbench/trng_tb.sv(453): (vlog-13203) option.cross_auto_bin_max = 0 setting is non-LRM compliant. No auto cross bins will be generated.
** Warning: ../testbench/trng_tb.sv(490): (vlog-13203) option.cross_auto_bin_max = 0 setting is non-LRM compliant. No auto cross bins will be generated.
** Warning: ../testbench/trng_tb.sv(523): (vlog-13203) option.cross_auto_bin_max = 0 setting is non-LRM compliant. No auto cross bins will be generated.
** Warning: ../testbench/trng_tb.sv(565): (vlog-13203) option.cross_auto_bin_max = 0 setting is non-LRM compliant. No auto cross bins will be generated.
** Warning: ../testbench/trng_tb.sv(592): (vlog-13203) option.cross_auto_bin_max = 0 setting is non-LRM compliant. No auto cross bins will be generated.
** Warning: ../testbench/trng_tb.sv(627): (vlog-13203) option.cross_auto_bin_max = 0 setting is non-LRM compliant. No auto cross bins will be generated.
** Warning: ../testbench/trng_tb.sv(655): (vlog-13203) option.cross_auto_bin_max = 0 setting is non-LRM compliant. No auto cross bins will be generated.
** Warning: ../testbench/trng_tb.sv(673): (vlog-13203) option.cross_auto_bin_max = 0 setting is non-LRM compliant. No auto cross bins will be generated.
** Warning: ../testbench/trng_tb.sv(694): (vlog-13203) option.cross_auto_bin_max = 0 setting is non-LRM compliant. No auto cross bins will be generated.
** Warning: ../testbench/trng_tb.sv(707): (vlog-13203) option.cross_auto_bin_max = 0 setting is non-LRM compliant. No auto cross bins will be generated.
-- Compiling interface trng_if
-- Compiling package trng_v_unit
-- Importing package /opt/siemens/questasim/uvm-1.2.uvm_pkg (uvm-1.2 Built-in)
-- Compiling module trng_Top

Top level modules:
	trng_avalanche_entropy
	pseudo_entropy
	sha512
	chacha
	trng_Top
End time: 08:47:51 on Mar 26,2026, Elapsed time: 0:00:01
Errors: 0, Warnings: 19
