  CREATE_STREAM @0 {NAME:tc1_init T:Transactions SCOPE:uvm_test_top.env.agent.sqr STREAM:605}
  CREATE_STREAM @0 {NAME:rst_seq T:Transactions SCOPE:uvm_test_top.env.agent.sqr STREAM:616}
  CREATE_STREAM @65 {NAME:rd_name0 T:Transactions SCOPE:uvm_test_top.env.agent.sqr STREAM:712}
  CREATE_STREAM @75 {NAME:rd_name1 T:Transactions SCOPE:uvm_test_top.env.agent.sqr STREAM:736}
  CREATE_STREAM @85 {NAME:rd_version T:Transactions SCOPE:uvm_test_top.env.agent.sqr STREAM:760}
  CREATE_STREAM @95 {NAME:rounds_seq T:Transactions SCOPE:uvm_test_top.env.agent.sqr STREAM:784}
  CREATE_STREAM @105 {NAME:blocks_seq T:Transactions SCOPE:uvm_test_top.env.agent.sqr STREAM:806}
  CREATE_STREAM @125 {NAME:csprng_seq T:Transactions SCOPE:uvm_test_top.env.agent.sqr STREAM:838}
  CREATE_STREAM @135 {NAME:mix_seq T:Transactions SCOPE:uvm_test_top.env.agent.sqr STREAM:860}
  CREATE_STREAM @145 {NAME:tc1_idle T:Transactions SCOPE:uvm_test_top.env.agent.sqr STREAM:886}
  CREATE_STREAM @2145 {NAME:tc2_init T:Transactions SCOPE:uvm_test_top.env.agent.sqr STREAM:2498}
  CREATE_STREAM @2295 {NAME:tc2_blocks T:Transactions SCOPE:uvm_test_top.env.agent.sqr STREAM:2736}
  CREATE_STREAM @2315 {NAME:tc2_idle_warm T:Transactions SCOPE:uvm_test_top.env.agent.sqr STREAM:2768}
  CREATE_STREAM @7315 {NAME:tc2_rnd T:Transactions SCOPE:uvm_test_top.env.agent.sqr STREAM:6778}
  CREATE_STREAM @327475 {NAME:tc2_idle_tail T:Transactions SCOPE:uvm_test_top.env.agent.sqr STREAM:326980}
  CREATE_STREAM @328475 {NAME:tc3_init_r20 T:Transactions SCOPE:uvm_test_top.env.agent.sqr STREAM:327792}
  CREATE_STREAM @328625 {NAME:tc3_idle_r20 T:Transactions SCOPE:uvm_test_top.env.agent.sqr STREAM:328030}
  CREATE_STREAM @331625 {NAME:tc3_rnd_r20 T:Transactions SCOPE:uvm_test_top.env.agent.sqr STREAM:330440}
  CREATE_STREAM @361635 {NAME:tc3_gap_r20 T:Transactions SCOPE:uvm_test_top.env.agent.sqr STREAM:360462}
  CREATE_STREAM @362135 {NAME:tc3_init_r24 T:Transactions SCOPE:uvm_test_top.env.agent.sqr STREAM:360872}
  CREATE_STREAM @362285 {NAME:tc3_idle_r24 T:Transactions SCOPE:uvm_test_top.env.agent.sqr STREAM:361110}
  CREATE_STREAM @366885 {NAME:tc3_rnd_r24 T:Transactions SCOPE:uvm_test_top.env.agent.sqr STREAM:364800}
  CREATE_STREAM @396895 {NAME:tc3_gap_r24 T:Transactions SCOPE:uvm_test_top.env.agent.sqr STREAM:394822}
  CREATE_STREAM @397395 {NAME:tc3_init_r32 T:Transactions SCOPE:uvm_test_top.env.agent.sqr STREAM:395232}
